(node:20180) [DEP0176] DeprecationWarning: fs.F_OK is deprecated, use fs.constants.F_OK instead
(Use `node --trace-deprecation ...` to show where the warning was created)
newman

B组_A组接口完整互测

□ A-01 用户登录
└ A-01-01 管理员登录成功 [200]
  POST http://localhost:5047/api/auth/login [200 OK, 1.03kB, 82ms]
  √  A-01-01 状态码为 200
  √  返回管理员资料与非空 Token
  √  响应不暴露密码哈希

└ A-01-02 错误密码被拒绝 [401]
  POST http://localhost:5047/api/auth/login [401 Unauthorized, 199B, 53ms]
  √  A-01-02 状态码为 401
  √  响应消息符合文档

└ A-01-03 空用户名和密码 [400]
  POST http://localhost:5047/api/auth/login [400 Bad Request, 462B, 3ms]
  √  A-01-03 状态码为 400
  1. 响应消息符合文档

└ A-01-04 停用账号被拒绝 [403]
  POST http://localhost:5047/api/auth/login [403 Forbidden, 208B, 6ms]
  √  A-01-04 状态码为 403
  √  响应消息符合文档

└ A-01-05 获取志愿者测试 Token [200]
  POST http://localhost:5047/api/auth/login [200 OK, 1.06kB, 55ms]
  √  A-01-05 状态码为 200
  √  志愿者角色正确

└ A-01-06 获取普通用户测试 Token [200]
  POST http://localhost:5047/api/auth/login [200 OK, 984B, 52ms]
  √  A-01-06 状态码为 200
  √  普通用户角色正确

□ A-02 获取当前用户
└ A-02-01 管理员查询本人 [200]
  GET http://localhost:5047/api/auth/me [200 OK, 433B, 10ms]
  √  A-02-01 状态码为 200
  √  返回当前管理员且不含密码哈希

└ A-02-02 缺少 Token [401]
  GET http://localhost:5047/api/auth/me [401 Unauthorized, 128B, 4ms]
  √  A-02-02 状态码为 401

□ A-03 登录状态校验
└ A-03-01 有效登录状态 [200]
  GET http://localhost:5047/api/auth/check [200 OK, 463B, 8ms]
  √  A-03-01 状态码为 200
  √  authenticated=true 且用户正确

└ A-03-02 缺少 Token [401]
  GET http://localhost:5047/api/auth/check [401 Unauthorized, 128B, 2ms]
  √  A-03-02 状态码为 401
  2. 文档约定返回 authenticated=false

□ A-04 退出登录
└ A-04-01 已登录退出 [200]
  POST http://localhost:5047/api/auth/logout [200 OK, 268B, 6ms]
  √  A-04-01 状态码为 200
  √  返回退出说明

└ A-04-02 缺少 Token [401]
  POST http://localhost:5047/api/auth/logout [401 Unauthorized, 128B, 2ms]
  √  A-04-02 状态码为 401

□ A-05 查询用户列表
└ A-05-01 管理员按用户名状态角色筛选 [200]
  GET http://localhost:5047/api/users?username=a_group&status=ACTIVE&roleId=role-admin-a-group [200 OK, 435B, 29ms]
  √  A-05-01 状态码为 200
  √  筛选结果仅包含活动管理员

└ A-05-02 非法用户状态 [400]
  GET http://localhost:5047/api/users?status=UNKNOWN [400 Bad Request, 210B, 6ms]
  √  A-05-02 状态码为 400
  √  响应消息符合文档

└ A-05-03 缺少 Token [401]
  GET http://localhost:5047/api/users [401 Unauthorized, 128B, 2ms]
  √  A-05-03 状态码为 401

└ A-05-04 普通用户越权查询 [403]
  GET http://localhost:5047/api/users [403 Forbidden, 99B, 7ms]
  √  A-05-04 状态码为 403

□ A-06 查询用户详情
└ A-06-01 管理员查询普通用户 [200]
  GET http://localhost:5047/api/users/user-normal-a-group [200 OK, 416B, 6ms]
  √  A-06-01 状态码为 200
  √  用户详情正确且无密码哈希

└ A-06-02 普通用户查询本人 [200]
  GET http://localhost:5047/api/users/user-normal-a-group [200 OK, 416B, 6ms]
  √  A-06-02 状态码为 200
  √  返回本人资料

└ A-06-03 空白用户 ID [400]
  GET http://localhost:5047/api/users/%20 [400 Bad Request, 403B, 5ms]
  √  A-06-03 状态码为 400

└ A-06-04 缺少 Token [401]
  GET http://localhost:5047/api/users/user-normal-a-group [401 Unauthorized, 128B, 2ms]
  √  A-06-04 状态码为 401

└ A-06-05 普通用户越权查询管理员 [403]
  GET http://localhost:5047/api/users/user-admin-a-group [403 Forbidden, 99B, 7ms]
  √  A-06-05 状态码为 403

└ A-06-06 用户不存在 [404]
  GET http://localhost:5047/api/users/user-not-exists-b-test [404 Not Found, 221B, 8ms]
  √  A-06-06 状态码为 404

□ A-07 新增用户
└ A-07-01 管理员新增测试用户 [201]
  POST http://localhost:5047/api/users [201 Created, 527B, 99ms]
  √  A-07-01 状态码为 201
  √  服务端生成用户 ID 并忽略伪造字段

└ A-07-02 角色 ID 非法 [400]
  POST http://localhost:5047/api/users [400 Bad Request, 216B, 11ms]
  √  A-07-02 状态码为 400

└ A-07-03 缺少 Token [401]
  POST http://localhost:5047/api/users [401 Unauthorized, 128B, 2ms]
  √  A-07-03 状态码为 401

└ A-07-04 普通用户越权新增 [403]
  POST http://localhost:5047/api/users [403 Forbidden, 99B, 6ms]
  √  A-07-04 状态码为 403

└ A-07-05 用户名重复 [409]
  POST http://localhost:5047/api/users [409 Conflict, 214B, 9ms]
  √  A-07-05 状态码为 409

□ A-08 编辑用户
└ A-08-01 管理员编辑测试用户 [204]
  PUT http://localhost:5047/api/users/f5167cd3-2c6e-4001-a742-ee88237c421d [204 No Content, 81B, 45ms]
  √  A-08-01 状态码为 204

└ A-08-02 非法角色 ID [400]
  PUT http://localhost:5047/api/users/f5167cd3-2c6e-4001-a742-ee88237c421d [400 Bad Request, 216B, 9ms]
  √  A-08-02 状态码为 400

└ A-08-03 缺少 Token [401]
  PUT http://localhost:5047/api/users/f5167cd3-2c6e-4001-a742-ee88237c421d [401 Unauthorized, 128B, 2ms]
  √  A-08-03 状态码为 401

└ A-08-04 普通用户越权编辑 [403]
  PUT http://localhost:5047/api/users/f5167cd3-2c6e-4001-a742-ee88237c421d [403 Forbidden, 99B, 6ms]
  √  A-08-04 状态码为 403

└ A-08-05 用户不存在 [404]
  PUT http://localhost:5047/api/users/user-not-exists-b-test [404 Not Found, 221B, 5ms]
  √  A-08-05 状态码为 404

└ A-08-06 回查编辑结果 [200]
  GET http://localhost:5047/api/users/f5167cd3-2c6e-4001-a742-ee88237c421d [200 OK, 454B, 10ms]
  √  A-08-06 状态码为 200
  √  编辑已持久化且用户名未被改写

□ A-09 启用或停用用户
└ A-09-01 非法状态 [400]
  PATCH http://localhost:5047/api/users/f5167cd3-2c6e-4001-a742-ee88237c421d/status [400 Bad Request, 210B, 10ms]
  √  A-09-01 状态码为 400

└ A-09-02 缺少 Token [401]
  PATCH http://localhost:5047/api/users/f5167cd3-2c6e-4001-a742-ee88237c421d/status [401 Unauthorized, 128B, 3ms]
  √  A-09-02 状态码为 401

└ A-09-03 普通用户越权修改 [403]
  PATCH http://localhost:5047/api/users/f5167cd3-2c6e-4001-a742-ee88237c421d/status [403 Forbidden, 99B, 6ms]
  √  A-09-03 状态码为 403

└ A-09-04 用户不存在 [404]
  PATCH http://localhost:5047/api/users/user-not-exists-b-test/status [404 Not Found, 221B, 7ms]
  √  A-09-04 状态码为 404

└ A-09-05 停用测试用户 [204]
  PATCH http://localhost:5047/api/users/f5167cd3-2c6e-4001-a742-ee88237c421d/status [204 No Content, 81B, 45ms]
  √  A-09-05 状态码为 204

└ A-09-06 回查停用状态 [200]
  GET http://localhost:5047/api/users/f5167cd3-2c6e-4001-a742-ee88237c421d [200 OK, 456B, 8ms]
  √  A-09-06 状态码为 200
  √  状态已变为 DISABLED

└ A-09-07 重新启用测试用户 [204]
  PATCH http://localhost:5047/api/users/f5167cd3-2c6e-4001-a742-ee88237c421d/status [204 No Content, 81B, 47ms]
  √  A-09-07 状态码为 204

□ A-10 查询角色列表
└ A-10-01 管理员查询角色列表 [200]
  GET http://localhost:5047/api/roles [200 OK, 716B, 11ms]
  √  A-10-01 状态码为 200
  √  返回角色数组且包含 ADMIN

└ A-10-02 缺少 Token [401]
  GET http://localhost:5047/api/roles [401 Unauthorized, 128B, 2ms]
  √  A-10-02 状态码为 401

└ A-10-03 普通用户越权查询 [403]
  GET http://localhost:5047/api/roles [403 Forbidden, 99B, 7ms]
  √  A-10-03 状态码为 403

□ A-11 查询角色详情
└ A-11-01 管理员查询 ADMIN 角色 [200]
  GET http://localhost:5047/api/roles/role-admin-a-group [200 OK, 291B, 6ms]
  √  A-11-01 状态码为 200
  √  ADMIN 角色字段正确

└ A-11-02 角色不存在 [404]
  GET http://localhost:5047/api/roles/role-not-exists-b-test [404 Not Found, 201B, 7ms]
  √  A-11-02 状态码为 404

└ A-11-03 缺少 Token [401]
  GET http://localhost:5047/api/roles/role-admin-a-group [401 Unauthorized, 128B, 2ms]
  √  A-11-03 状态码为 401

└ A-11-04 普通用户越权查询 [403]
  GET http://localhost:5047/api/roles/role-admin-a-group [403 Forbidden, 99B, 7ms]
  √  A-11-04 状态码为 403

□ A-12 新增角色
└ A-12-01 管理员新增 VET 测试角色 [200]
  POST http://localhost:5047/api/roles [200 OK, 289B, 41ms]
  √  A-12-01 状态码为 200
  √  新增角色响应契约正确

└ A-12-02 非法角色名 [400]
  POST http://localhost:5047/api/roles [400 Bad Request, 203B, 8ms]
  √  A-12-02 状态码为 400

└ A-12-03 角色名冲突 [409]
  POST http://localhost:5047/api/roles [200 OK, 259B, 14ms]
  3. A-12-03 状态码为 409

└ A-12-04 缺少 Token [401]
  POST http://localhost:5047/api/roles [401 Unauthorized, 128B, 2ms]
  √  A-12-04 状态码为 401

└ A-12-05 普通用户越权新增 [403]
  POST http://localhost:5047/api/roles [403 Forbidden, 99B, 7ms]
  √  A-12-05 状态码为 403

□ A-13 编辑角色
└ A-13-01 管理员编辑 VET 测试角色 [204]
  PUT http://localhost:5047/api/roles/role-vet-b-1786199922144 [204 No Content, 81B, 45ms]
  √  A-13-01 状态码为 204

└ A-13-02 URL 与请求体角色 ID 不一致 [400]
  PUT http://localhost:5047/api/roles/role-vet-b-1786199922144 [400 Bad Request, 199B, 7ms]
  √  A-13-02 状态码为 400

└ A-13-03 缺少 Token [401]
  PUT http://localhost:5047/api/roles/role-vet-b-1786199922144 [401 Unauthorized, 128B, 1ms]
  √  A-13-03 状态码为 401

└ A-13-04 普通用户越权编辑 [403]
  PUT http://localhost:5047/api/roles/role-vet-b-1786199922144 [403 Forbidden, 99B, 7ms]
  √  A-13-04 状态码为 403

└ A-13-05 角色不存在 [404]
  PUT http://localhost:5047/api/roles/role-not-exists-b-test [404 Not Found, 216B, 7ms]
  √  A-13-05 状态码为 404

└ A-13-06 回查编辑结果 [200]
  GET http://localhost:5047/api/roles/role-vet-b-1786199922144 [200 OK, 313B, 8ms]
  √  A-13-06 状态码为 200
  √  角色编辑已持久化

□ A-14 删除角色
└ A-14-01 拒绝删除正在使用的 ADMIN 角色 [409]
  DELETE http://localhost:5047/api/roles/role-admin-a-group [409 Conflict, 219B, 12ms]
  √  A-14-01 状态码为 409

└ A-14-02 缺少 Token [401]
  DELETE http://localhost:5047/api/roles/role-vet-b-1786199922144 [401 Unauthorized, 128B, 2ms]
  √  A-14-02 状态码为 401

└ A-14-03 普通用户越权删除 [403]
  DELETE http://localhost:5047/api/roles/role-vet-b-1786199922144 [403 Forbidden, 99B, 7ms]
  √  A-14-03 状态码为 403

└ A-14-04 角色不存在 [404]
  DELETE http://localhost:5047/api/roles/role-not-exists-b-test [404 Not Found, 216B, 7ms]
  √  A-14-04 状态码为 404

└ A-14-05 删除未使用的 VET 测试角色 [204]
  DELETE http://localhost:5047/api/roles/role-vet-b-1786199922144 [204 No Content, 81B, 19ms]
  √  A-14-05 状态码为 204

└ A-14-06 回查已删除角色 [404]
  GET http://localhost:5047/api/roles/role-vet-b-1786199922144 [404 Not Found, 203B, 10ms]
  √  A-14-06 状态码为 404

□ A-15 给用户分配角色
└ A-15-01 给测试用户分配志愿者角色 [204]
  POST http://localhost:5047/api/roles/assign [204 No Content, 81B, 18ms]
  √  A-15-01 状态码为 204

└ A-15-02 空用户和角色 ID [400]
  POST http://localhost:5047/api/roles/assign [400 Bad Request, 436B, 5ms]
  √  A-15-02 状态码为 400

└ A-15-03 缺少 Token [401]
  POST http://localhost:5047/api/roles/assign [401 Unauthorized, 128B, 2ms]
  √  A-15-03 状态码为 401

└ A-15-04 普通用户越权分配 [403]
  POST http://localhost:5047/api/roles/assign [403 Forbidden, 99B, 6ms]
  √  A-15-04 状态码为 403

└ A-15-05 用户不存在 [404]
  POST http://localhost:5047/api/roles/assign [404 Not Found, 187B, 9ms]
  √  A-15-05 状态码为 404

└ A-15-06 角色不存在 [404]
  POST http://localhost:5047/api/roles/assign [404 Not Found, 187B, 8ms]
  √  A-15-06 状态码为 404

└ A-15-07 回查角色分配结果 [200]
  GET http://localhost:5047/api/users/f5167cd3-2c6e-4001-a742-ee88237c421d [200 OK, 481B, 9ms]
  √  A-15-07 状态码为 200
  √  测试用户已成为 VOLUNTEER

└ A-15-08 恢复测试用户普通角色 [204]
  POST http://localhost:5047/api/roles/assign [204 No Content, 81B, 15ms]
  √  A-15-08 状态码为 204

□ A-16 查询黑名单列表
└ A-16-01 管理员分页筛选有效黑名单 [200]
  GET http://localhost:5047/api/blacklist?status=ACTIVE&page=1&pageSize=20 [200 OK, 970B, 33ms]
  √  A-16-01 状态码为 200
  √  分页结构和有效状态正确

└ A-16-02 缺少 Token [401]
  GET http://localhost:5047/api/blacklist [401 Unauthorized, 128B, 2ms]
  √  A-16-02 状态码为 401

└ A-16-03 普通用户越权查询 [403]
  GET http://localhost:5047/api/blacklist [403 Forbidden, 99B, 4ms]
  √  A-16-03 状态码为 403

□ A-17 查询黑名单详情
└ A-17-01 管理员查询有效黑名单 [200]
  GET http://localhost:5047/api/blacklist/bl-001-a-group [200 OK, 533B, 12ms]
  √  A-17-01 状态码为 200
  √  黑名单详情字段正确

└ A-17-02 黑名单记录不存在 [404]
  GET http://localhost:5047/api/blacklist/bl-not-exists-b-test [404 Not Found, 193B, 8ms]
  √  A-17-02 状态码为 404

└ A-17-03 缺少 Token [401]
  GET http://localhost:5047/api/blacklist/bl-001-a-group [401 Unauthorized, 128B, 2ms]
  √  A-17-03 状态码为 401

└ A-17-04 普通用户越权查询 [403]
  GET http://localhost:5047/api/blacklist/bl-001-a-group [403 Forbidden, 99B, 6ms]
  √  A-17-04 状态码为 403

□ A-18 加入黑名单
└ A-18-01 非法黑名单原因类型 [400]
  POST http://localhost:5047/api/blacklist [400 Bad Request, 425B, 5ms]
  √  A-18-01 状态码为 400

└ A-18-02 用户不存在 [404]
  POST http://localhost:5047/api/blacklist [404 Not Found, 184B, 10ms]
  √  A-18-02 状态码为 404

└ A-18-03 关联领养申请不存在 [404]
  POST http://localhost:5047/api/blacklist [404 Not Found, 199B, 11ms]
  √  A-18-03 状态码为 404

└ A-18-04 缺少 Token [401]
  POST http://localhost:5047/api/blacklist [401 Unauthorized, 128B, 2ms]
  √  A-18-04 状态码为 401

└ A-18-05 普通用户越权加入 [403]
  POST http://localhost:5047/api/blacklist [403 Forbidden, 99B, 6ms]
  √  A-18-05 状态码为 403

└ A-18-06A 省略文档标为可选的 applicationId [201]
  POST http://localhost:5047/api/blacklist [400 Bad Request, 425B, 5ms]
  4. A-18-06A 状态码为 201

└ A-18-06 管理员将测试用户加入黑名单 [201]
  POST http://localhost:5047/api/blacklist [201 Created, 350B, 56ms]
  √  A-18-06 状态码为 201
  5. 响应包含文档约定的黑名单 ID 和用户 ID
  √  Location 可定位新建记录

└ A-18-07 重复加入有效黑名单 [409]
  POST http://localhost:5047/api/blacklist [409 Conflict, 216B, 11ms]
  √  A-18-07 状态码为 409

□ A-19 解除黑名单
└ A-19-01 解除说明超过长度限制 [400]
  PATCH http://localhost:5047/api/blacklist/d2c07c95-dfd5-439b-b9de-e3055f02b220/release [400 Bad Request, 422B, 6ms]
  √  A-19-01 状态码为 400

└ A-19-02 缺少 Token [401]
  PATCH http://localhost:5047/api/blacklist/d2c07c95-dfd5-439b-b9de-e3055f02b220/release [401 Unauthorized, 128B, 2ms]
  √  A-19-02 状态码为 401

└ A-19-03 普通用户越权解除 [403]
  PATCH http://localhost:5047/api/blacklist/d2c07c95-dfd5-439b-b9de-e3055f02b220/release [403 Forbidden, 99B, 4ms]
  √  A-19-03 状态码为 403

└ A-19-04 黑名单记录不存在 [404]
  PATCH http://localhost:5047/api/blacklist/bl-not-exists-b-test/release [404 Not Found, 193B, 10ms]
  √  A-19-04 状态码为 404

└ A-19-05 管理员解除测试黑名单 [200]
  PATCH http://localhost:5047/api/blacklist/d2c07c95-dfd5-439b-b9de-e3055f02b220/release [200 OK, 317B, 17ms]
  √  A-19-05 状态码为 200
  √  解除响应字段正确

└ A-19-06 重复解除已释放记录 [409]
  PATCH http://localhost:5047/api/blacklist/d2c07c95-dfd5-439b-b9de-e3055f02b220/release [409 Conflict, 198B, 8ms]
  √  A-19-06 状态码为 409

□ A-20 查询用户黑名单状态
└ A-20-01 管理员查询有效黑名单用户 [200]
  GET http://localhost:5047/api/blacklist/status/user-normal-a-group [200 OK, 369B, 13ms]
  √  A-20-01 状态码为 200
  √  返回有效黑名单状态

└ A-20-02 志愿者查询有效黑名单用户 [200]
  GET http://localhost:5047/api/blacklist/status/user-normal-a-group [200 OK, 369B, 10ms]
  √  A-20-02 状态码为 200
  √  志愿者可读取黑名单状态

└ A-20-03 查询已解除的测试用户 [200]
  GET http://localhost:5047/api/blacklist/status/f5167cd3-2c6e-4001-a742-ee88237c421d [200 OK, 297B, 11ms]
  √  A-20-03 状态码为 200
  √  解除后不存在有效黑名单

└ A-20-04 空白用户 ID [400]
  GET http://localhost:5047/api/blacklist/status/%20 [400 Bad Request, 411B, 5ms]
  √  A-20-04 状态码为 400

└ A-20-05 缺少 Token [401]
  GET http://localhost:5047/api/blacklist/status/user-normal-a-group [401 Unauthorized, 128B, 3ms]
  √  A-20-05 状态码为 401

└ A-20-06 普通用户角色不足 [403]
  GET http://localhost:5047/api/blacklist/status/user-normal-a-group [403 Forbidden, 99B, 6ms]
  √  A-20-06 状态码为 403

└ A-20-07 用户不存在 [404]
  GET http://localhost:5047/api/blacklist/status/user-not-exists-b-test [404 Not Found, 184B, 6ms]
  √  A-20-07 状态码为 404

□ A-21 批量解除黑名单
└ A-21-01 空 ID 列表 [400]
  PATCH http://localhost:5047/api/blacklist/release/batch [400 Bad Request, 209B, 7ms]
  √  A-21-01 状态码为 400

└ A-21-02 缺少 Token [401]
  PATCH http://localhost:5047/api/blacklist/release/batch [401 Unauthorized, 128B, 2ms]
  √  A-21-02 状态码为 401

└ A-21-03 普通用户越权批量解除 [403]
  PATCH http://localhost:5047/api/blacklist/release/batch [403 Forbidden, 99B, 5ms]
  √  A-21-03 状态码为 403

└ A-21-04 混合处理有效、已解除和不存在记录 [200]
  PATCH http://localhost:5047/api/blacklist/release/batch [200 OK, 296B, 18ms]
  √  A-21-04 状态码为 200
  √  批量结果分别记录成功和失败

┌─────────────────────────┬──────────────────┬──────────────────┐
│                         │         executed │           failed │
├─────────────────────────┼──────────────────┼──────────────────┤
│              iterations │                1 │                0 │
├─────────────────────────┼──────────────────┼──────────────────┤
│                requests │              104 │                0 │
├─────────────────────────┼──────────────────┼──────────────────┤
│            test-scripts │              104 │                0 │
├─────────────────────────┼──────────────────┼──────────────────┤
│      prerequest-scripts │              104 │                0 │
├─────────────────────────┼──────────────────┼──────────────────┤
│              assertions │              136 │                5 │
├─────────────────────────┴──────────────────┴──────────────────┤
│ total run duration: 10s                                       │
├───────────────────────────────────────────────────────────────┤
│ total data received: 11.98kB (approx)                         │
├───────────────────────────────────────────────────────────────┤
│ average response time: 12ms [min: 1ms, max: 99ms, s.d.: 16ms] │
└───────────────────────────────────────────────────────────────┘

  #  failure         detail

 1.  AssertionError  响应消息符合文档
                     expected undefined to deeply equal 'Username 与 Password 均为必填。'
                     at assertion:1 in test-script
                     inside "A-01 用户登录 / A-01-03 空用户名和密码 [400]"

 2.  AssertionError  文档约定返回 authenticated=false
                     expected null to deeply equal false
                     at assertion:1 in test-script
                     inside "A-03 登录状态校验 / A-03-02 缺少 Token [401]"

 3.  AssertionError  A-12-03 状态码为 409
                     expected response to have status code 409 but got 200
                     at assertion:0 in test-script
                     inside "A-12 新增角色 / A-12-03 角色名冲突 [409]"

 4.  AssertionError  A-18-06A 状态码为 201
                     expected response to have status code 201 but got 400
                     at assertion:0 in test-script
                     inside "A-18 加入黑名单 / A-18-06A 省略文档标为可选的 applicationId [201]"

 5.  AssertionError  响应包含文档约定的黑名单 ID 和用户 ID
                     expected undefined to be a string
                     at assertion:1 in test-script
                     inside "A-18 加入黑名单 / A-18-06 管理员将测试用户加入黑名单 [201]"
