(node:39424) [DEP0176] DeprecationWarning: fs.F_OK is deprecated, use fs.constants.F_OK instead
(Use `node --trace-deprecation ...` to show where the warning was created)
newman

B组_A组补充问题互测

→ 01 管理员真实登录
  POST http://localhost:5047/api/auth/login [200 OK, 1.03kB, 59ms]
  √  登录返回 200
  √  登录响应包含 Token

→ 02 动态取得已有角色 ID
  GET http://localhost:5047/api/roles [200 OK, 828B, 10ms]
  √  角色列表返回 200
  √  至少存在一个角色

→ 03 动态取得已解除黑名单 ID
  GET http://localhost:5047/api/blacklist?status=RELEASED&page=1&pageSize=20 [200 OK, 1.52kB, 20ms]
  √  已解除黑名单列表返回 200
  √  至少存在一条已解除记录

→ A-12 补充1 重复 roleID 应返回409
  POST http://localhost:5047/api/roles [500 Internal Server Error, 5.38kB, 42ms]
  1. 重复 roleID 返回 409
  2. 响应不泄露 Oracle 异常

→ A-12 补充2 省略 roleID 应返回400
  POST http://localhost:5047/api/roles [500 Internal Server Error, 5.38kB, 13ms]
  3. 省略 roleID 返回 400
  4. 响应不泄露 Oracle 异常

→ A-19 补充1 空对象应按资源状态返回409
  PATCH http://localhost:5047/api/blacklist/d2c07c95-dfd5-439b-b9de-e3055f02b220/release [400 Bad Request, 425B, 6ms]
  5. 可选 releaseReason 省略后返回 409
  6. 响应说明记录已经解除

→ A-19 补充2 提供 releaseReason 后返回409
  PATCH http://localhost:5047/api/blacklist/d2c07c95-dfd5-439b-b9de-e3055f02b220/release [409 Conflict, 198B, 8ms]
  √  提供 releaseReason 后返回 409
  √  响应说明记录已经解除

┌─────────────────────────┬──────────────────┬──────────────────┐
│                         │         executed │           failed │
├─────────────────────────┼──────────────────┼──────────────────┤
│              iterations │                1 │                0 │
├─────────────────────────┼──────────────────┼──────────────────┤
│                requests │                7 │                0 │
├─────────────────────────┼──────────────────┼──────────────────┤
│            test-scripts │                7 │                0 │
├─────────────────────────┼──────────────────┼──────────────────┤
│      prerequest-scripts │                7 │                0 │
├─────────────────────────┼──────────────────┼──────────────────┤
│              assertions │               14 │                6 │
├─────────────────────────┴──────────────────┴──────────────────┤
│ total run duration: 689ms                                     │
├───────────────────────────────────────────────────────────────┤
│ total data received: 13.67kB (approx)                         │
├───────────────────────────────────────────────────────────────┤
│ average response time: 22ms [min: 6ms, max: 59ms, s.d.: 18ms] │
└───────────────────────────────────────────────────────────────┘

[31m  # [39m[31m failure        [39m[31m detail                                                                  [39m
[90m    [39m[90m                [39m[90m                                                                         [39m
 1.  AssertionError  重复 roleID 返回 409
                     expected response to have status code 409 but got 500
                     at assertion:0 in test-script
                     inside "A-12 补充1 重复 roleID 应返回409"
[90m    [39m[90m                [39m[90m                                                                         [39m
 2.  AssertionError  响应不泄露 Oracle 异常
                     expected 'Oracle.ManagedDataAccess.Client.Oracl…' to not include 'ORA-'
                     at assertion:1 in test-script
                     inside "A-12 补充1 重复 roleID 应返回409"
[90m    [39m[90m                [39m[90m                                                                         [39m
 3.  AssertionError  省略 roleID 返回 400
                     expected response to have status code 400 but got 500
                     at assertion:0 in test-script
                     inside "A-12 补充2 省略 roleID 应返回400"
[90m    [39m[90m                [39m[90m                                                                         [39m
 4.  AssertionError  响应不泄露 Oracle 异常
                     expected 'Oracle.ManagedDataAccess.Client.Oracl…' to not include 'ORA-'
                     at assertion:1 in test-script
                     inside "A-12 补充2 省略 roleID 应返回400"
[90m    [39m[90m                [39m[90m                                                                         [39m
 5.  AssertionError  可选 releaseReason 省略后返回 409
                     expected response to have status code 409 but got 400
                     at assertion:0 in test-script
                     inside "A-19 补充1 空对象应按资源状态返回409"
[90m    [39m[90m                [39m[90m                                                                         [39m
 6.  AssertionError  响应说明记录已经解除
                     expected '{"type":"https://tools.ietf.org/html/…' to include '已被解除'
                     at assertion:1 in test-script
                     inside "A-19 补充1 空对象应按资源状态返回409"
