A-15 角色分配审计核验
测试日期：2026-08-08
代码版本：537c292be1c7dd38aa15bd9d06ccbc82fdf937db
测试用户 ID：f5167cd3-2c6e-4001-a742-ee88237c421d（由 A-07 创建接口的实际响应取得）

API 操作：
1. A-15-01 将测试用户角色由 USER 修改为 VOLUNTEER，HTTP 204。
2. A-15-07 通过 GET /api/users/{id} 回查，确认角色已持久化为 VOLUNTEER。
3. A-15-08 将测试用户角色恢复为 USER，HTTP 204。

Oracle 核验 SQL（不含连接凭据）：
SELECT COUNT(*)
FROM LOG_AUDITTRAILS
WHERE TABLENAME = 'SYS_USERS'
  AND RECORDID = 'f5167cd3-2c6e-4001-a742-ee88237c421d'
  AND ACTIONTYPE = 'UPDATE_ROLE';

预期审计记录数：2
实际审计记录数：0
该用户全部审计记录数：0

源码核验：
- docs/A组_用户与权限接口文档.md:320-343 明确要求“更新用户角色并写入审计信息”。
- database/queries/a_group_advanced.sql:94-157 定义 SP_ASSIGN_USER_ROLE，并在 141-148 行将角色更新和 LOG_AUDITTRAILS 写入放在同一过程内。
- src/CampusStrayCatSystem.Core/RolesController.cs:158 调用 RoleRepository.AssignRole。
- src/CampusStrayCatSystem.Data/RoleRepository.cs:75-82 只直接 UPDATE SYS_USERS，未调用 SP_ASSIGN_USER_ROLE，也未写 LOG_AUDITTRAILS。

结论：角色更新成功，但约定的审计副作用完全缺失；SQL 存储过程与 C# 后端脱节，写操作和审计未处于同一事务。A-15 判定为不通过（BUG-A-006）。
